I'm sorry, but errors were detected in your script. Please correct the
errors listed below, and try again.


File "game/script.rpy", line 266: choice menuitem expects a non-empty block.
    "播放制作员名单":
        ^

Ren'Py Version: Ren'Py 8.5.2.26010301
Sun May 17 19:54:14 2026
